[20:47:10] [ServerMain/INFO]: [bootstrap] Running Java 21 (OpenJDK 64-Bit Server VM 21.0.11+10-LTS; Eclipse Adoptium Temurin-21.0.11+10) on Linux 7.1.5-arch1-2 (amd64)
[20:47:10] [ServerMain/INFO]: [bootstrap] Loading Paper 1.21.11-132-ver/1.21.11@c5eb079 (2026-05-11T11:43:09Z) for Minecraft 1.21.11
[20:47:10] [ServerMain/INFO]: [PluginInitializerManager] Initializing plugins...
[20:47:11] [ServerMain/INFO]: [PluginInitializerManager] Initialized 1 plugin
[20:47:11] [ServerMain/INFO]: [PluginInitializerManager] Paper plugins (1):
 - Molecore (0.4.3)
[20:47:13] [ServerMain/INFO]: Environment: Environment[sessionHost=https://sessionserver.mojang.com, servicesHost=https://api.minecraftservices.com, profilesHost=https://api.mojang.com, name=PROD]
[20:47:14] [ServerMain/INFO]: Loaded 1470 recipes
[20:47:14] [ServerMain/INFO]: Loaded 1584 advancements
[20:47:14] [ServerMain/INFO]: [ca.spottedleaf.dataconverter.minecraft.datatypes.MCTypeRegistry] Initialising converters for DataConverter...
[20:47:15] [ServerMain/INFO]: [ca.spottedleaf.dataconverter.minecraft.datatypes.MCTypeRegistry] Finished initialising converters for DataConverter in 213.6ms
[20:47:15] [Server thread/INFO]: Starting minecraft server version 1.21.11
[20:47:15] [Server thread/INFO]: Loading properties
[20:47:15] [Server thread/INFO]: This server is running Paper version 1.21.11-132-ver/1.21.11@c5eb079 (2026-05-11T11:43:09Z) (Implementing API version 1.21.11-R0.1-SNAPSHOT)
[20:47:15] [Server thread/INFO]: [spark] This server bundles the spark profiler. For more information please visit https://docs.papermc.io/paper/profiling
[20:47:15] [Server thread/INFO]: Server Ping Player Sample Count: 12
[20:47:15] [Server thread/INFO]: Using 4 threads for Netty based IO
[20:47:15] [Server thread/INFO]: [MoonriseCommon] Paper is using 4 worker threads, 1 I/O threads
[20:47:15] [Server thread/INFO]: Default game type: SURVIVAL
[20:47:15] [Server thread/INFO]: Generating keypair
[20:47:15] [Server thread/INFO]: Starting Minecraft server on *:25565
[20:47:15] [Server thread/INFO]: Paper: Using libdeflate (Linux x86_64) compression from Velocity.
[20:47:15] [Server thread/INFO]: Paper: Using OpenSSL 3.x.x (Linux x86_64) cipher from Velocity.
[20:47:15] [Server thread/INFO]: [Molecore] Loading server plugin Molecore v0.4.3
[20:47:15] [Server thread/INFO]: Server permissions file permissions.yml is empty, ignoring it
[20:47:15] [Server thread/INFO]: Preparing level "world"
[20:47:15] [Server thread/INFO]: [ca.spottedleaf.moonrise.common.util.MoonriseConstants] NUMA enable flag is not set; however there is NUMA interaction support for this OS.
[20:47:15] [Server thread/INFO]: [ca.spottedleaf.moonrise.common.util.MoonriseConstants] Detected 1 NUMA nodes.
[20:47:16] [Server thread/INFO]: Loading 0 persistent chunks for world 'minecraft:overworld'...
[20:47:16] [Server thread/INFO]: Prepared spawn area in 0 ms
[20:47:16] [Server thread/INFO]: Loading 0 persistent chunks for world 'minecraft:the_nether'...
[20:47:16] [Server thread/INFO]: Prepared spawn area in 0 ms
[20:47:16] [Server thread/INFO]: Loading 0 persistent chunks for world 'minecraft:the_end'...
[20:47:16] [Server thread/INFO]: Prepared spawn area in 1 ms
[20:47:16] [Server thread/INFO]: Done preparing level "world" (0.308s)
[20:47:16] [Server thread/INFO]: [Molecore] Enabling Molecore v0.4.3
[20:47:16] [Server thread/INFO]: [Molecore] Plugin started.
[20:47:16] [Server thread/INFO]: [spark] Starting background profiler...
[20:47:16] [Server thread/INFO]: Running delayed init tasks
[20:47:16] [Server thread/INFO]: Done (6.219s)! For help, type "help"
[20:47:16] [Paper Async Task Handler Thread - 1/WARN]: *************************************************************************************
[20:47:16] [Paper Async Task Handler Thread - 1/WARN]: You are running the latest build for your Minecraft version (1.21.11)
[20:47:16] [Paper Async Task Handler Thread - 1/WARN]: However, you are 4 release(s) behind the latest stable release (26.2)!
[20:47:16] [Paper Async Task Handler Thread - 1/WARN]: It is recommended that you update as soon as possible
[20:47:16] [Paper Async Task Handler Thread - 1/WARN]: https://papermc.io/downloads/paper
[20:47:16] [Paper Async Task Handler Thread - 1/WARN]: *************************************************************************************
[20:47:38] [User Authenticator #0/INFO]: UUID of player Happylucky13 is aa30596c-5a5b-497f-94aa-8b794d91d262
[20:47:39] [Server thread/INFO]: Happylucky13 joined the game
[20:47:39] [Server thread/INFO]: Happylucky13[/127.0.0.1:53354] logged in with entity id 105 at ([world]-50.61862345706832, 67.0, 0.7581406835174423)
[20:47:45] [Server thread/INFO]: Happylucky13 issued server command: /molecore settings 0 world beacon
[20:47:48] [Server thread/INFO]: Happylucky13 issued server command: /molecore start
[20:48:11] [Server thread/INFO]: Happylucky13 issued server command: /kill @e[type=minecraft:wither_skeleton]
[20:48:14] [Server thread/INFO]: Happylucky13 issued server command: /kill @e[type=minecraft:wither_skeleton]
[20:48:14] [Server thread/INFO]: [Happylucky13: Killed Wither Skeleton]
[20:48:17] [Server thread/INFO]: Happylucky13 issued server command: /kill @e[type=minecraft:wither_skeleton]
[20:48:17] [Server thread/INFO]: [Happylucky13: Killed Wither Skeleton]
[20:48:20] [Server thread/INFO]: Happylucky13 issued server command: /kill @e[type=minecraft:wither_skeleton]
[20:48:20] [Server thread/INFO]: [Happylucky13: Killed Wither Skeleton]
[20:48:23] [Server thread/INFO]: Happylucky13 issued server command: /kill @e[type=minecraft:wither_skeleton]
[20:48:23] [Server thread/INFO]: [Happylucky13: Killed Wither Skeleton]
[20:48:25] [Server thread/INFO]: Happylucky13 issued server command: /kill @e[type=minecraft:wither_skeleton]
[20:48:25] [Server thread/INFO]: [Happylucky13: Killed Wither Skeleton]
[20:48:27] [Server thread/INFO]: Happylucky13 issued server command: /kill @e[type=minecraft:wither_skeleton]
[20:48:27] [Server thread/INFO]: [Happylucky13: Killed Wither Skeleton]
[20:48:30] [Server thread/INFO]: Happylucky13 issued server command: /kill @e[type=minecraft:wither_skeleton]
[20:48:30] [Server thread/INFO]: [Happylucky13: Killed Wither Skeleton]
[20:48:32] [Server thread/INFO]: Happylucky13 has made the advancement [Spooky Scary Skeleton]
[20:48:34] [Server thread/INFO]: Happylucky13 issued server command: /kill @e[type=minecraft:wither_skeleton]
[20:48:34] [Server thread/INFO]: [Happylucky13: Killed Wither Skeleton]
[20:48:39] [Server thread/INFO]: Happylucky13 issued server command: /kill @e[type=minecraft:wither_skeleton]
[20:48:39] [Server thread/INFO]: [Happylucky13: Killed Wither Skeleton]
[20:48:42] [Server thread/INFO]: Happylucky13 issued server command: /kill @e[type=minecraft:wither_skeleton]
[20:48:42] [Server thread/INFO]: [Happylucky13: Killed Wither Skeleton]
[20:48:44] [Server thread/INFO]: Happylucky13 issued server command: /kill @e[type=minecraft:wither_skeleton]
[20:48:44] [Server thread/INFO]: [Happylucky13: Killed Wither Skeleton]
[20:48:47] [Server thread/INFO]: Happylucky13 issued server command: /kill @e[type=minecraft:wither_skeleton]
[20:48:47] [Server thread/INFO]: [Happylucky13: Killed Wither Skeleton]
[20:48:50] [Server thread/INFO]: Happylucky13 issued server command: /kill @e[type=minecraft:wither_skeleton]
[20:48:50] [Server thread/INFO]: [Happylucky13: Killed Wither Skeleton]
[20:48:52] [Server thread/INFO]: Happylucky13 issued server command: /kill @e[type=minecraft:wither_skeleton]
[20:48:52] [Server thread/INFO]: [Happylucky13: Killed Wither Skeleton]
[20:48:54] [Server thread/INFO]: Happylucky13 issued server command: /kill @e[type=minecraft:wither_skeleton]
[20:48:54] [Server thread/INFO]: [Happylucky13: Killed Wither Skeleton]
[20:48:57] [Server thread/INFO]: Happylucky13 issued server command: /kill @e[type=minecraft:wither_skeleton]
[20:48:57] [Server thread/INFO]: [Happylucky13: Killed Wither Skeleton]
[20:48:59] [Server thread/INFO]: Happylucky13 issued server command: /kill @e[type=minecraft:wither_skeleton]
[20:48:59] [Server thread/INFO]: [Happylucky13: Killed Wither Skeleton]
[20:49:02] [Server thread/INFO]: Happylucky13 issued server command: /kill @e[type=minecraft:wither_skeleton]
[20:49:02] [Server thread/INFO]: [Happylucky13: Killed Wither Skeleton]
[20:49:04] [Server thread/INFO]: Happylucky13 issued server command: /kill @e[type=minecraft:wither_skeleton]
[20:49:04] [Server thread/INFO]: [Happylucky13: Killed Wither Skeleton]
[20:49:07] [Server thread/INFO]: Happylucky13 issued server command: /kill @e[type=minecraft:wither_skeleton]
[20:49:07] [Server thread/INFO]: [Happylucky13: Killed Wither Skeleton]
[20:49:10] [Server thread/INFO]: Happylucky13 issued server command: /kill @e[type=minecraft:wither_skeleton]
[20:49:10] [Server thread/INFO]: [Happylucky13: Killed Wither Skeleton]
[20:49:14] [Server thread/INFO]: Happylucky13 issued server command: /kill @e[type=minecraft:wither_skeleton]
[20:49:14] [Server thread/INFO]: [Happylucky13: Killed Wither Skeleton]
[20:49:17] [Server thread/INFO]: Happylucky13 issued server command: /kill @e[type=minecraft:wither_skeleton]
[20:49:17] [Server thread/INFO]: [Happylucky13: Killed Wither Skeleton]
[21:00:12] [Server thread/INFO]: Stopping the server
[21:00:12] [Server thread/INFO]: Stopping server
[21:00:12] [Server thread/INFO]: [Molecore] Disabling Molecore v0.4.3
[21:00:12] [Server thread/INFO]: Saving players
[21:00:12] [Server thread/INFO]: Happylucky13 lost connection: Server closed
[21:00:12] [Server thread/INFO]: Happylucky13 left the game
[21:00:12] [Server thread/INFO]: Saving worlds
[21:00:12] [Server thread/INFO]: Saving chunks for level 'ServerLevel[world]'/minecraft:overworld
[21:00:12] [Server thread/INFO]: [ChunkHolderManager] Waiting 60s for chunk system to halt for world 'world'
[21:00:12] [Server thread/INFO]: [ChunkHolderManager] Halted chunk system for world 'world'
[21:00:12] [Server thread/INFO]: [ChunkHolderManager] Saving all chunkholders for world 'world'
[21:00:12] [Server thread/INFO]: [ChunkHolderManager] Saved 48 block chunks, 175 entity chunks, 0 poi chunks in world 'world' in 0.03s
[21:00:12] [Server thread/INFO]: [ChunkHolderManager] Waiting 60s for chunk I/O to halt for world 'world'
[21:00:12] [Server thread/INFO]: [ChunkHolderManager] Halted I/O scheduler for world 'world'
[21:00:12] [Server thread/INFO]: Saving chunks for level 'ServerLevel[world_nether]'/minecraft:the_nether
[21:00:12] [Server thread/INFO]: [ChunkHolderManager] Waiting 60s for chunk system to halt for world 'world_nether'
[21:00:12] [Server thread/INFO]: [ChunkHolderManager] Halted chunk system for world 'world_nether'
[21:00:12] [Server thread/INFO]: [ChunkHolderManager] Saving all chunkholders for world 'world_nether'
[21:00:12] [Server thread/INFO]: [ChunkHolderManager] Saved 0 block chunks, 0 entity chunks, 0 poi chunks in world 'world_nether' in 0.00s
[21:00:12] [Server thread/INFO]: [ChunkHolderManager] Waiting 60s for chunk I/O to halt for world 'world_nether'
[21:00:12] [Server thread/INFO]: [ChunkHolderManager] Halted I/O scheduler for world 'world_nether'
[21:00:12] [Server thread/INFO]: Saving chunks for level 'ServerLevel[world_the_end]'/minecraft:the_end
[21:00:12] [Server thread/INFO]: [ChunkHolderManager] Waiting 60s for chunk system to halt for world 'world_the_end'
[21:00:12] [Server thread/INFO]: [ChunkHolderManager] Halted chunk system for world 'world_the_end'
[21:00:12] [Server thread/INFO]: [ChunkHolderManager] Saving all chunkholders for world 'world_the_end'
[21:00:12] [Server thread/INFO]: [ChunkHolderManager] Saved 0 block chunks, 0 entity chunks, 0 poi chunks in world 'world_the_end' in 0.00s
[21:00:12] [Server thread/INFO]: [ChunkHolderManager] Waiting 60s for chunk I/O to halt for world 'world_the_end'
[21:00:12] [Server thread/INFO]: [ChunkHolderManager] Halted I/O scheduler for world 'world_the_end'
[21:00:12] [Server thread/INFO]: ThreadedAnvilChunkStorage (world): All chunks are saved
[21:00:12] [Server thread/INFO]: ThreadedAnvilChunkStorage (DIM-1): All chunks are saved
[21:00:12] [Server thread/INFO]: ThreadedAnvilChunkStorage (DIM1): All chunks are saved
[21:00:12] [Server thread/INFO]: ThreadedAnvilChunkStorage: All dimensions are saved
[21:00:12] [Server thread/INFO]: Waiting for all RegionFile I/O tasks to complete...
[21:00:12] [Server thread/INFO]: All RegionFile I/O tasks to complete
[21:00:12] [Server thread/INFO]: [MoonriseCommon] Awaiting termination of worker pool for up to 60s...
[21:00:12] [Server thread/INFO]: [MoonriseCommon] Awaiting termination of I/O pool for up to 60s...
